%!Adobe-FontList 1.16
%Locale:0x409

%BeginFont
Handler:DirectoryHandler
FontType:Type1
FontName:HelveticaNeueLTCYR-Bd
FamilyName:Helvetica Neue LT CYR
StyleName:75 Bold
MenuName:HelveticaNeueLT CYR 55 Roman
StyleBits:2
WeightClass:700
WidthClass:5
AngleClass:0
FullName:Helvetica Neue LT CYR 75 Bold
WritingScript:Roman
OutlineFileName:\Linotype - HelveticaNeueLTCYR-Bd.otf
DataFormat:sfntData
UsesStandardEncoding:yes
isCFF:yes
FileLength:77636
FileModTime:1441187418
NameArray:0,Mac,18,HelveticaNeueLT CYR 75 Bd
NameArray:0,Mac,4,Helvetica Neue LT CYR 75 Bold
NameArray:0,Win,1,HelveticaNeueLT CYR 55 Roman
NameArray:0,Win,16,Helvetica Neue LT CYR
%EndFont

%BeginFont
Handler:DirectoryHandler
FontType:Type1
FontName:HelveticaNeueLTCYR-Hv
FamilyName:Helvetica Neue LT CYR
StyleName:85 Heavy
MenuName:HelveticaNeueLT CYR 65 Md
StyleBits:2
WeightClass:750
WidthClass:5
AngleClass:0
FullName:Helvetica Neue LT CYR 85 Heavy
WritingScript:Roman
OutlineFileName:\Linotype - HelveticaNeueLTCYR-Hv.otf
DataFormat:sfntData
UsesStandardEncoding:yes
isCFF:yes
FileLength:77048
FileModTime:1441221218
NameArray:0,Mac,18,HelveticaNeueLT CYR 85 Hv
NameArray:0,Mac,4,Helvetica Neue LT CYR 85 Heavy
NameArray:0,Win,1,HelveticaNeueLT CYR 65 Md
NameArray:0,Win,16,Helvetica Neue LT CYR
%EndFont

%BeginFont
Handler:DirectoryHandler
FontType:Type1
FontName:HelveticaNeueLTCYR-Roman
FamilyName:Helvetica Neue LT CYR
StyleName:55 Roman
MenuName:HelveticaNeueLT CYR 55 Roman
StyleBits:0
WeightClass:400
WidthClass:5
AngleClass:0
FullName:Helvetica Neue LT CYR 55 Roman
WritingScript:Roman
OutlineFileName:\Linotype - HelveticaNeueLTCYR-Roman.otf
DataFormat:sfntData
UsesStandardEncoding:yes
isCFF:yes
FileLength:77520
FileModTime:1441187418
NameArray:0,Mac,18,HelveticaNeueLT CYR 55 Roman
NameArray:0,Mac,4,Helvetica Neue LT CYR 55 Roman
NameArray:0,Win,1,HelveticaNeueLT CYR 55 Roman
NameArray:0,Win,16,Helvetica Neue LT CYR
%EndFont

%BeginFont
Handler:DirectoryHandler
FontType:Type1
FontName:HelveticaNeueLTPro-Bd
FamilyName:Helvetica Neue LT Pro
StyleName:75 Bold
MenuName:HelveticaNeueLT Pro 55 Roman
StyleBits:2
WeightClass:700
WidthClass:5
AngleClass:0
FullName:Helvetica Neue LT Pro 75 Bold
WritingScript:Roman
OutlineFileName:\Linotype - HelveticaNeueLTPro-Bd.otf
DataFormat:sfntData
UsesStandardEncoding:yes
isCFF:yes
FileLength:49120
FileModTime:1441187418
NameArray:0,Mac,18,HelveticaNeueLT Pro 75 Bd
NameArray:0,Mac,4,Helvetica Neue LT Pro 75 Bold
NameArray:0,Win,1,HelveticaNeueLT Pro 55 Roman
NameArray:0,Win,16,Helvetica Neue LT Pro
%EndFont

%BeginFont
Handler:DirectoryHandler
FontType:Type1
FontName:HelveticaNeueLTPro-Hv
FamilyName:Helvetica Neue LT Pro
StyleName:85 Heavy
MenuName:HelveticaNeueLT Pro 65 Md
StyleBits:2
WeightClass:750
WidthClass:5
AngleClass:0
FullName:Helvetica Neue LT Pro 85 Heavy
WritingScript:Roman
OutlineFileName:\Linotype - HelveticaNeueLTPro-Hv.otf
DataFormat:sfntData
UsesStandardEncoding:yes
isCFF:yes
FileLength:48380
FileModTime:1441221218
NameArray:0,Mac,18,HelveticaNeueLT Pro 85 Hv
NameArray:0,Mac,4,Helvetica Neue LT Pro 85 Heavy
NameArray:0,Win,1,HelveticaNeueLT Pro 65 Md
NameArray:0,Win,16,Helvetica Neue LT Pro
%EndFont

%BeginFont
Handler:DirectoryHandler
FontType:Type1
FontName:HelveticaNeueLTPro-Roman
FamilyName:Helvetica Neue LT Pro
StyleName:55 Roman
MenuName:HelveticaNeueLT Pro 55 Roman
StyleBits:0
WeightClass:400
WidthClass:5
AngleClass:0
FullName:Helvetica Neue LT Pro 55 Roman
WritingScript:Roman
OutlineFileName:\Linotype - HelveticaNeueLTPro-Roman.otf
DataFormat:sfntData
UsesStandardEncoding:yes
isCFF:yes
FileLength:47892
FileModTime:1441187418
NameArray:0,Mac,18,HelveticaNeueLT Pro 55 Roman
NameArray:0,Mac,4,Helvetica Neue LT Pro 55 Roman
NameArray:0,Win,1,HelveticaNeueLT Pro 55 Roman
NameArray:0,Win,16,Helvetica Neue LT Pro
%EndFont

